// Jest Snapshot v1, https://goo.gl/fbAQLP

exports[`Keyboard component matches snapshot 1`] = `
<div
  className="wrapper"
>
  <Connect(KeyComponent)
    key="0"
    midiNote={45}
  />
  <Connect(KeyComponent)
    key="1"
    midiNote={46}
  />
  <Connect(KeyComponent)
    key="2"
    midiNote={47}
  />
  <Connect(KeyComponent)
    key="3"
    midiNote={48}
  />
  <Connect(KeyComponent)
    key="4"
    midiNote={49}
  />
  <Connect(KeyComponent)
    key="5"
    midiNote={50}
  />
  <Connect(KeyComponent)
    key="6"
    midiNote={51}
  />
  <Connect(KeyComponent)
    key="7"
    midiNote={52}
  />
  <Connect(KeyComponent)
    key="8"
    midiNote={53}
  />
  <Connect(KeyComponent)
    key="9"
    midiNote={54}
  />
  <Connect(KeyComponent)
    key="10"
    midiNote={55}
  />
  <Connect(KeyComponent)
    key="11"
    midiNote={56}
  />
  <Connect(KeyComponent)
    key="12"
    midiNote={57}
  />
  <Connect(KeyComponent)
    key="13"
    midiNote={58}
  />
  <Connect(KeyComponent)
    key="14"
    midiNote={59}
  />
  <Connect(KeyComponent)
    key="15"
    midiNote={60}
  />
  <Connect(KeyComponent)
    key="16"
    midiNote={61}
  />
  <Connect(KeyComponent)
    key="17"
    midiNote={62}
  />
  <Connect(KeyComponent)
    key="18"
    midiNote={63}
  />
  <Connect(KeyComponent)
    key="19"
    midiNote={64}
  />
  <Connect(KeyComponent)
    key="20"
    midiNote={65}
  />
  <Connect(KeyComponent)
    key="21"
    midiNote={66}
  />
  <Connect(KeyComponent)
    key="22"
    midiNote={67}
  />
  <Connect(KeyComponent)
    key="23"
    midiNote={68}
  />
  <Connect(KeyComponent)
    key="24"
    midiNote={69}
  />
  <Connect(KeyComponent)
    key="25"
    midiNote={70}
  />
  <Connect(KeyComponent)
    key="26"
    midiNote={71}
  />
  <Connect(KeyComponent)
    key="27"
    midiNote={72}
  />
  <Connect(KeyComponent)
    key="28"
    midiNote={73}
  />
  <Connect(KeyComponent)
    key="29"
    midiNote={74}
  />
  <Connect(KeyComponent)
    key="30"
    midiNote={75}
  />
  <Connect(KeyComponent)
    key="31"
    midiNote={76}
  />
  <Connect(KeyComponent)
    key="32"
    midiNote={77}
  />
</div>
`;
